Nothing to build in platform 'design_1_wrapper_1'

16:58:01 **** Incremental Build of configuration Debug for project NAND_test ****
make all 
make --no-print-directory pre-build
a9-linaro-pre-build-step
' '
make --no-print-directory main-build
'Building file: ../src/helloworld.c'
'Invoking: ARM v7 gcc compiler'
arm-none-eabi-gcc -Wall -O0 -g3 -c -fmessage-length=0 -MT"src/helloworld.o" -mcpu=cortex-a9 -mfpu=vfpv3 -mfloat-abi=hard -IC:/Users/iankh/Documents/NTHU/8051/Project/test_zedboard/design_1_wrapper_1/export/design_1_wrapper_1/sw/design_1_wrapper_1/domain_ps7_cortexa9_0/bspinclude/include -MMD -MP -MF"src/helloworld.d" -MT"src/helloworld.o" -o "src/helloworld.o" "../src/helloworld.c"
'Finished building: ../src/helloworld.c'
' '
'Building target: NAND_test.elf'
'Invoking: ARM v7 gcc linker'
arm-none-eabi-gcc -mcpu=cortex-a9 -mfpu=vfpv3 -mfloat-abi=hard -Wl,-build-id=none -specs=Xilinx.spec -Wl,-T -Wl,../src/lscript.ld -LC:/Users/iankh/Documents/NTHU/8051/Project/test_zedboard/design_1_wrapper_1/export/design_1_wrapper_1/sw/design_1_wrapper_1/domain_ps7_cortexa9_0/bsplib/lib -o "NAND_test.elf"  ./src/helloworld.o ./src/platform.o   -Wl,--start-group,-lxil,-lgcc,-lc,--end-group
'Finished building target: NAND_test.elf'
' '
'Invoking: ARM v7 Print Size'
arm-none-eabi-size NAND_test.elf  |tee "NAND_test.elf.size"
   text	   data	    bss	    dec	    hex	filename
  23124	   1176	  22584	  46884	   b724	NAND_test.elf
'Finished building: NAND_test.elf.size'
' '
16:58:03 **** Build of configuration Debug for project NAND_test_system ****
make all 
Generating bif file for the system project
generate_system_bif.bat 55216 C:/Users/iankh/Documents/NTHU/8051/Project/test_zedboard/design_1_wrapper_1/export/design_1_wrapper_1/design_1_wrapper_1.xpfm domain_ps7_cortexa9_0 C:/Users/iankh/Documents/NTHU/8051/Project/test_zedboard/NAND_test_system/Debug/system.bif
sdcard_gen --xpfm C:/Users/iankh/Documents/NTHU/8051/Project/test_zedboard/design_1_wrapper_1/export/design_1_wrapper_1/design_1_wrapper_1.xpfm --sys_config design_1_wrapper_1 --bif C:/Users/iankh/Documents/NTHU/8051/Project/test_zedboard/NAND_test_system/Debug/system.bif --bitstream C:/Users/iankh/Documents/NTHU/8051/Project/test_zedboard/NAND_test/_ide/bitstream/design_1_wrapper.bit --elf C:/Users/iankh/Documents/NTHU/8051/Project/test_zedboard/NAND_test/Debug/NAND_test.elf,ps7_cortexa9_0
creating BOOT.BIN using C:/Users/iankh/Documents/NTHU/8051/Project/test_zedboard/NAND_test/_ide/bitstream/design_1_wrapper.bit
Running C:/Xilinx/Vitis/2020.1/bin/bootgen  -image C:/Users/iankh/Documents/NTHU/8051/Project/test_zedboard/NAND_test_system/Debug/sd_card_temp/boot.bif -w -o i BOOT.BIN
